
> autonomous-characters-lab@0.0.0 build
> vite build

[36mvite v6.4.1 [32mbuilding for production...[36m[39m
transforming...
node_modules/@base-org/account/node_modules/ox/_esm/core/Base64.js (6:27): A comment

"/*#__PURE__*/"

in "node_modules/@base-org/account/node_modules/ox/_esm/core/Base64.js" contains an annotation that Rollup cannot interpret due to the position of the comment. The comment will be removed to avoid issues.
node_modules/@base-org/account/node_modules/ox/_esm/core/Address.js (6:21): A comment

"/*#__PURE__*/"

in "node_modules/@base-org/account/node_modules/ox/_esm/core/Address.js" contains an annotation that Rollup cannot interpret due to the position of the comment. The comment will be removed to avoid issues.
node_modules/@base-org/account/node_modules/ox/_esm/core/internal/cursor.js (2:21): A comment

"/*#__PURE__*/"

in "node_modules/@base-org/account/node_modules/ox/_esm/core/internal/cursor.js" contains an annotation that Rollup cannot interpret due to the position of the comment. The comment will be removed to avoid issues.
[32mÔ£ô[39m 4052 modules transformed.
rendering chunks...
computing gzip size...
[2mdist/[22m[32mindex.html                           [39m[1m[2m    2.07 kB[22m[1m[22m[2m Ôöé gzip:   0.77 kB[22m
[2mdist/[22m[32massets/brotli_wasm_bg-NfWIZley.wasm  [39m[1m[2m1,056.86 kB[22m[1m[22m[2m Ôöé gzip: 574.50 kB[22m
[2mdist/[22m[35massets/index-8OE7L96o.css            [39m[1m[2m   85.42 kB[22m[1m[22m[2m Ôöé gzip:  13.17 kB[22m
[2mdist/[22m[36massets/ccip-DwBseZwc.js              [39m[1m[2m    3.10 kB[22m[1m[22m[2m Ôöé gzip:   1.44 kB[22m
[2mdist/[22m[36massets/index-kkvbeHsy.js             [39m[1m[2m    3.52 kB[22m[1m[22m[2m Ôöé gzip:   1.54 kB[22m
[2mdist/[22m[36massets/index.web-Bqyr3zbv.js         [39m[1m[2m    6.35 kB[22m[1m[22m[2m Ôöé gzip:   2.19 kB[22m
[2mdist/[22m[36massets/vendor-ui-BR0b0Hm4.js         [39m[1m[2m   30.60 kB[22m[1m[22m[2m Ôöé gzip:   7.37 kB[22m
[2mdist/[22m[36massets/scene-gTBjkqho.js             [39m[1m[2m   60.50 kB[22m[1m[22m[2m Ôöé gzip:  20.53 kB[22m
[2mdist/[22m[36massets/vendor-motion-D6LFHcHC.js     [39m[1m[2m  122.53 kB[22m[1m[22m[2m Ôöé gzip:  40.41 kB[22m
[2mdist/[22m[36massets/vendor-react-CsqkXepG.js      [39m[1m[2m  193.85 kB[22m[1m[22m[2m Ôöé gzip:  60.55 kB[22m
[2mdist/[22m[36massets/vendor-genai-BbrvCpQ6.js      [39m[1m[2m  266.29 kB[22m[1m[22m[2m Ôöé gzip:  53.51 kB[22m
[2mdist/[22m[36massets/index-DN4QSmy_.js             [39m[1m[2m  390.02 kB[22m[1m[22m[2m Ôöé gzip:  81.39 kB[22m
[2mdist/[22m[36massets/vendor-three-J6MNFs5b.js      [39m[1m[33m  618.90 kB[39m[22m[2m Ôöé gzip: 158.26 kB[22m
[2mdist/[22m[36massets/index-FeBKpsh9.js             [39m[1m[33m  886.53 kB[39m[22m[2m Ôöé gzip: 287.23 kB[22m

(!) Some chunks are larger than 500 kB after minification. Consider:
- Using dynamic import() to code-split the application
- Use build.rollupOptions.output.manualChunks to improve chunking: https://rollupjs.org/configuration-options/#output-manualchunks
- Adjust chunk size limit for this warning via build.chunkSizeWarningLimit.
[32mÔ£ô built in 11.24s[39m
